安装完成后，还需要最后一步设置，在命令行输入：
$ git config --global user.name "Your Name"
$ git config --global user.email "email@example.com"

创建一个版本库非常简单，首先，选择一个合适的地方，创建一个空目录：
$ mkdir learngit
$ cd learngit
通过git init命令把这个目录变成Git可以管理的仓库：
$ git init
Initialized empty Git repository in /Users/michael/learngit/.git/

把一个文件放到Git仓库只需要两步。
第一步，用命令git add告诉Git，把文件添加到仓库：
$ git add readme.txt
执行上面的命令，没有任何显示，这就对了，Unix的哲学是“没有消息就是好消息”，说明添加成功。
第二步，用命令git commit告诉Git，把文件提交到仓库：
$ git commit -m "wrote a readme file"
[master (root-commit) cb926e7] wrote a readme file
 1 file changed, 2 insertions(+)
 create mode 100644 readme.txt

git commit命令，-m后面输入的是本次提交的说明，可以输入任意内容，当然最好是有意义的，这样你就能从历史记录里方便地找到改动记录。
嫌麻烦不想输入-m "xxx"行不行？确实有办法可以这么干，但是强烈不建议你这么干，因为输入说明对自己对别人阅读都很重要。

为什么Git添加文件需要add，commit一共两步呢？因为commit可以一次提交很多文件，所以你可以多次add不同的文件，比如：
$ git add file1.txt
$ git add file2.txt file3.txt
$ git commit -m "add 3 files."

修改readme.txt文件
运行git status命令看看结果
git status命令可以让我们时刻掌握仓库当前的状态，上面的命令告诉我们，readme.txt被修改过了，但还没有准备提交的修改。

具体修改了什么内容，需要用git diff这个命令看看：
$ git diff readme.txt 

提交修改和提交新文件是一样的两步

版本控制系统肯定有某个命令可以告诉我们历史记录，在Git中，我们用git log命令查看
git log命令显示从最近到最远的提交日志
如果嫌输出信息太多，看得眼花缭乱的，可以试试加上--pretty=oneline参数：
$ git log --pretty=oneline

你看到的一大串类似3628164...882e1e0的是commit id（版本号），和SVN不一样，Git的commit id不是1，2，3……递增的数字，而是一个SHA1计算出来的一个非常大的数字，用十六进制表示，而且你看到的commit id和我的肯定不一样，以你自己的为准。为什么commit id需要用这么一大串数字表示呢？因为Git是分布式的版本控制系统，后面我们还要研究多人在同一个版本库里工作，如果大家都用1，2，3……作为版本号，那肯定就冲突了。

Git必须知道当前版本是哪个版本，在Git中，用HEAD表示当前版本，也就是最新的提交3628164...882e1e0（注意我的提交ID和你的肯定不一样），上一个版本就是HEAD^，上上一个版本就是HEAD^^，当然往上100个版本写100个^比较容易数不过来，所以写成HEAD~100。

现在，我们要把当前版本“append GPL”回退到上一个版本“add distributed”，就可以使用git reset命令：

$ git reset --hard HEAD^
HEAD is now at ea34578 add distributed


最新的那个版本append GPL已经看不到了！好比你从21世纪坐时光穿梭机来到了19世纪，想再回去已经回不去了，肿么办？

办法其实还是有的，只要上面的命令行窗口还没有被关掉，你就可以顺着往上找啊找啊，找到那个append GPL的commit id是3628164...，于是就可以指定回到未来的某个版本：

$ git reset --hard 3628164
HEAD is now at 3628164 append GPL

版本号没必要写全，前几位就可以了，Git会自动去找。当然也不能只写前一两位，因为Git可能会找到多个版本号，就无法确定是哪一个了。

Git的版本回退速度非常快，因为Git在内部有个指向当前版本的HEAD指针，当你回退版本的时候，Git仅仅是把HEAD从指向append GPL：
HEAD		->append GPL
					add distributed
					wrote a readme file
改为指向add distributed
HEAD			append GPL
				->add distributed
					wrote a readme file					
然后顺便把工作区的文件更新了。所以你让HEAD指向哪个版本号，你就把当前版本定位在哪。

现在，你回退到了某个版本，关掉了电脑，第二天早上就后悔了，想恢复到新版本怎么办？找不到新版本的commit id怎么办？

在Git中，总是有后悔药可以吃的。当你用$ git reset --hard HEAD^回退到add distributed版本时，再想恢复到append GPL，就必须找到append GPL的commit id。Git提供了一个命令git reflog用来记录你的每一次命令

工作区（Working Directory）

就是你在电脑里能看到的目录，比如我的learngit文件夹就是一个工作区

版本库（Repository）

工作区有一个隐藏目录.git，这个不算工作区，而是Git的版本库。

Git的版本库里存了很多东西，其中最重要的就是称为stage（或者叫index）的暂存区，还有Git为我们自动创建的第一个分支master，以及指向master的一个指针叫HEAD。

前面讲了我们把文件往Git版本库里添加的时候，是分两步执行的：

第一步是用git add把文件添加进去，实际上就是把文件修改添加到暂存区；

第二步是用git commit提交更改，实际上就是把暂存区的所有内容提交到当前分支。

因为我们创建Git版本库时，Git自动为我们创建了唯一一个master分支，所以，现在，git commit就是往master分支上提交更改

因为Git跟踪并管理的是修改，而非文件。

git diff HEAD -- readme.txt命令可以查看工作区和版本库里面最新版本的区别：

写了，add，后悔，改回，此时工作区已有修改，然后，git checkout -- file可以丢弃工作区的修改
命令git checkout -- readme.txt意思就是，把readme.txt文件在工作区的修改全部撤销
这里有两种情况：

一种是readme.txt自修改后还没有被放到暂存区，现在，撤销修改就回到和版本库一模一样的状态；

一种是readme.txt已经添加到暂存区后，又作了修改，现在，撤销修改就回到添加到暂存区后的状态。

总之，就是让这个文件回到最近一次git commit或git add时的状态。

git checkout -- file命令中的--很重要，没有--，就变成了“切换到另一个分支”的命令

用命令git reset HEAD file可以把暂存区的修改撤销掉（unstage），重新放回工作区：

$ git reset HEAD readme.txt
Unstaged changes after reset:
M       readme.txt

git reset命令既可以回退版本，也可以把暂存区的修改回退到工作区。当我们用HEAD时，表示最新的版本。
再用git status查看一下，现在暂存区是干净的，工作区有修改。再用checkout丢弃工作区修改，清静了。

场景1：当你改乱了工作区某个文件的内容，想直接丢弃工作区的修改时，用命令git checkout -- file。

场景2：当你不但改乱了工作区某个文件的内容，还添加到了暂存区时，想丢弃修改，分两步，第一步用命令git reset HEAD file，就回到了场景1，第二步按场景1操作。

场景3：已经提交了不合适的修改到版本库时，想要撤销本次提交，参考版本回退一节，不过前提是没有推送到远程库。

Git知道你删除了文件，因此，工作区和版本库就不一致了，git status命令会立刻告诉你哪些文件被删除了
现在你有两个选择，一是确实要从版本库中删除该文件，那就用命令git rm删掉，并且git commit：

$ git rm test.txt
rm 'test.txt'
$ git commit -m "remove test.txt"
[master d17efd8] remove test.txt
 1 file changed, 1 deletion(-)
 delete mode 100644 test.txt

现在，文件就从版本库中被删除了。

另一种情况是删错了，因为版本库里还有呢，所以可以很轻松地把误删的文件恢复到最新版本：

$ git checkout -- test.txt

git checkout其实是用版本库里的版本替换工作区的版本，无论工作区是修改还是删除，都可以“一键还原”。

命令git rm用于删除一个文件。如果一个文件已经被提交到版本库，那么你永远不用担心误删，但是要小心，你只能恢复文件到最新版本，你会丢失最近一次提交后你修改的内容。

Git是分布式版本控制系统，同一个Git仓库，可以分布到不同的机器上。怎么分布呢？最早，肯定只有一台机器有一个原始版本库，此后，别的机器可以“克隆”这个原始版本库，而且每台机器的版本库其实都是一样的，并没有主次之分。
实际情况往往是这样，找一台电脑充当服务器的角色，每天24小时开机，其他每个人都从这个“服务器”仓库克隆一份到自己的电脑上，并且各自把各自的提交推送到服务器仓库里，也从服务器仓库中拉取别人的提交。

完全可以自己搭建一台运行Git的服务器，不过现阶段，为了学Git先搭个服务器绝对是小题大作。好在这个世界上有个叫GitHub的神奇的网站，从名字就可以看出，这个网站就是提供Git仓库托管服务的，所以，只要注册一个GitHub账号，就可以免费获得Git远程仓库。

由于你的本地Git仓库和GitHub仓库之间的传输是通过SSH加密的，所以，需要一点设置：

第1步：创建SSH Key。在用户主目录下，看看有没有.ssh目录，如果有，再看看这个目录下有没有id_rsa和id_rsa.pub这两个文件，如果已经有了，可直接跳到下一步。如果没有，打开Shell（Windows下打开Git Bash），创建SSH Key：

$ ssh-keygen -t rsa -C "youremail@example.com"

你需要把邮件地址换成你自己的邮件地址，然后一路回车，使用默认值即可，由于这个Key也不是用于军事目的，所以也无需设置密码。

如果一切顺利的话，可以在用户主目录里找到.ssh目录，里面有id_rsa和id_rsa.pub两个文件，这两个就是SSH Key的秘钥对，id_rsa是私钥，不能泄露出去，id_rsa.pub是公钥，可以放心地告诉任何人。

第2步：登陆GitHub，打开“Account settings”，“SSH Keys”页面：

然后，点“Add SSH Key”，填上任意Title，在Key文本框里粘贴id_rsa.pub文件的内容：

为什么GitHub需要SSH Key呢？因为GitHub需要识别出你推送的提交确实是你推送的，而不是别人冒充的，而Git支持SSH协议，所以，GitHub只要知道了你的公钥，就可以确认只有你自己才能推送。

当然，GitHub允许你添加多个Key。假定你有若干电脑，你一会儿在公司提交，一会儿在家里提交，只要把每台电脑的Key都添加到GitHub，就可以在每台电脑上往GitHub推送了。

最后友情提示，在GitHub上免费托管的Git仓库，任何人都可以看到喔（但只有你自己才能改）。所以，不要把敏感信息放进去。

如果你不想让别人看到Git库，有两个办法，一个是交点保护费，让GitHub把公开的仓库变成私有的，这样别人就看不见了（不可读更不可写）。另一个办法是自己动手，搭一个Git服务器，因为是你自己的Git服务器，所以别人也是看不见的。这个方法我们后面会讲到的，相当简单，公司内部开发必备。

陆GitHub，然后，在右上角找到“Create a new repo”按钮，创建一个新的仓库

在Repository name填入learngit，其他保持默认设置，点击“Create repository”按钮，就成功地创建了一个新的Git仓库：

目前，在GitHub上的这个learngit仓库还是空的，GitHub告诉我们，可以从这个仓库克隆出新的仓库，也可以把一个已有的本地仓库与之关联，然后，把本地仓库的内容推送到GitHub仓库。

现在，我们根据GitHub的提示，在本地的learngit仓库下运行命令：

$ git remote add origin git@github.com:michaelliao/learngit.git

请千万注意，把上面的michaelliao替换成你自己的GitHub账户名，否则，你在本地关联的就是我的远程库，关联没有问题，但是你以后推送是推不上去的，因为你的SSH Key公钥不在我的账户列表中。

添加后，远程库的名字就是origin，这是Git默认的叫法，也可以改成别的，但是origin这个名字一看就知道是远程库。

下一步，就可以把本地库的所有内容推送到远程库上：

$ git push -u origin master

把本地库的内容推送到远程，用git push命令，实际上是把当前分支master推送到远程。

由于远程库是空的，我们第一次推送master分支时，加上了-u参数，Git不但会把本地的master分支内容推送的远程新的master分支，还会把本地的master分支和远程的master分支关联起来，在以后的推送或者拉取时就可以简化命令。

推送成功后，可以立刻在GitHub页面中看到远程库的内容已经和本地一模一样

从现在起，只要本地作了提交，就可以通过命令：

$ git push origin master

把本地master分支的最新修改推送至GitHub，现在，你就拥有了真正的分布式版本库！

SSH警告

当你第一次使用Git的clone或者push命令连接GitHub时，会得到一个警告：

The authenticity of host 'github.com (xx.xx.xx.xx)' can't be established.
RSA key fingerprint is xx.xx.xx.xx.xx.
Are you sure you want to continue connecting (yes/no)?

这是因为Git使用SSH连接，而SSH连接在第一次验证GitHub服务器的Key时，需要你确认GitHub的Key的指纹信息是否真的来自GitHub的服务器，输入yes回车即可。

Git会输出一个警告，告诉你已经把GitHub的Key添加到本机的一个信任列表里了：

Warning: Permanently added 'github.com' (RSA) to the list of known hosts.

这个警告只会出现一次，后面的操作就不会有任何警告了。

如果你实在担心有人冒充GitHub服务器，输入yes前可以对照GitHub的RSA Key的指纹信息是否与SSH连接给出的一致。

首先，登陆GitHub，创建一个新的仓库，名字叫gitskills：

github-init-repo

我们勾选Initialize this repository with a README，这样GitHub会自动为我们创建一个README.md文件。创建完毕后，可以看到README.md文件：

github-init-repo-2

现在，远程库已经准备好了，下一步是用命令git clone克隆一个本地库：

$ git clone git@github.com:michaelliao/gitskills.git

如果有多个人协作开发，那么每个人各自从远程克隆一份就可以了。

你也许还注意到，GitHub给出的地址不止一个，还可以用https://github.com/michaelliao/gitskills.git这样的地址。实际上，Git支持多种协议，默认的git://使用ssh，但也可以使用https等其他协议。

使用https除了速度慢以外，还有个最大的麻烦是每次推送都必须输入口令，但是在某些只开放http端口的公司内部就无法使用ssh协议而只能用https。

分支在实际中有什么用呢？假设你准备开发一个新功能，但是需要两周才能完成，第一周你写了50%的代码，如果立刻提交，由于代码还没写完，不完整的代码库会导致别人不能干活了。如果等代码全部写完再一次提交，又存在丢失每天进度的巨大风险。

现在有了分支，就不用怕了。你创建了一个属于你自己的分支，别人看不到，还继续在原来的分支上正常工作，而你在自己的分支上干活，想提交就提交，直到开发完毕后，再一次性合并到原来的分支上，这样，既安全，又不影响别人工作。

截止到目前，只有一条时间线，在Git里，这个分支叫主分支，即master分支。HEAD严格来说不是指向提交，而是指向master，master才是指向提交的，所以，HEAD指向的就是当前分支。

一开始的时候，master分支是一条线，Git用master指向最新的提交，再用HEAD指向master，就能确定当前分支，以及当前分支的提交点：

每次提交，master分支都会向前移动一步，这样，随着你不断提交，master分支的线也越来越长：
当我们创建新的分支，例如dev时，Git新建了一个指针叫dev，指向master相同的提交，再把HEAD指向dev，就表示当前分支在dev上：
你看，Git创建一个分支很快，因为除了增加一个dev指针，改改HEAD的指向，工作区的文件都没有任何变化！

不过，从现在开始，对工作区的修改和提交就是针对dev分支了，比如新提交一次后，dev指针往前移动一步，而master指针不变：

git-br-dev-fd

假如我们在dev上的工作完成了，就可以把dev合并到master上。Git怎么合并呢？最简单的方法，就是直接把master指向dev的当前提交，就完成了合并：
所以Git合并分支也很快！就改改指针，工作区内容也不变！

合并完分支后，甚至可以删除dev分支。删除dev分支就是把dev指针给删掉，删掉后，我们就剩下了一条master分支：

$ git checkout -b dev
Switched to a new branch 'dev'

git checkout命令加上-b参数表示创建并切换，相当于以下两条命令：

$ git branch dev
$ git checkout dev
Switched to branch 'dev'

然后，用git branch命令查看当前分支：

$ git branch
* dev
  master

git branch命令会列出所有分支，当前分支前面会标一个*号。

然后，我们就可以在dev分支上正常提交，比如对readme.txt做个修改，加上一行：

Creating a new branch is quick.

然后提交：

$ git add readme.txt 
$ git commit -m "branch test"
[dev fec145a] branch test
 1 file changed, 1 insertion(+)


现在，dev分支的工作完成，我们就可以切换回master分支：

$ git checkout master
Switched to branch 'master'

切换回master分支后，再查看一个readme.txt文件，刚才添加的内容不见了！因为那个提交是在dev分支上，而master分支此刻的提交点并没有变

现在，我们把dev分支的工作成果合并到master分支上：

$ git merge dev
Updating d17efd8..fec145a
Fast-forward
 readme.txt |    1 +
 1 file changed, 1 insertion(+)

git merge命令用于合并指定分支到当前分支。合并后，再查看readme.txt的内容，就可以看到，和dev分支的最新提交是完全一样的。

注意到上面的Fast-forward信息，Git告诉我们，这次合并是“快进模式”，也就是直接把master指向dev的当前提交，所以合并速度非常快。

当然，也不是每次合并都能Fast-forward，我们后面会讲其他方式的合并。

合并完成后，就可以放心地删除dev分支了：

$ git branch -d dev
Deleted branch dev (was fec145a).

删除后，查看branch，就只剩下master分支了：

$ git branch
* master

因为创建、合并和删除分支非常快，所以Git鼓励你使用分支完成某个任务，合并后再删掉分支，这和直接在master分支上工作效果是一样的，但过程更安全。

Git鼓励大量使用分支：

查看分支：git branch

创建分支：git branch <name>

切换分支：git checkout <name>

创建+切换分支：git checkout -b <name>

合并某分支到当前分支：git merge <name>

删除分支：git branch -d <name>

人生不如意之事十之八九，合并分支往往也不是一帆风顺的。
准备新的feature1分支，继续我们的新分支开发：
在feature1分支上提交：
切换到master分支：.
Git还会自动提示我们当前master分支比远程的master分支要超前1个提交。

在master分支上把readme.txt文件的最后一行改为：
提交：
现在，master分支和feature1分支各自都分别有新的提交
这种情况下，Git无法执行“快速合并”，只能试图把各自的修改合并起来，但这种合并就可能会有冲突
果然冲突了！Git告诉我们，readme.txt文件存在冲突，必须手动解决冲突后再提交。git status也可以告诉我们冲突的文件：
Git用<<<<<<<，=======，>>>>>>>标记出不同分支的内容，我们修改如下后保存：

Creating a new branch is quick and simple.

再提交：
用带参数的git log也可以看到分支的合并情况
最后，删除feature1分支：
工作完成
当Git无法自动合并分支时，就必须首先解决冲突。解决冲突后，再提交，合并完成。

用git log --graph命令可以看到分支合并图。
通常，合并分支时，如果可能，Git会用Fast forward模式，但这种模式下，删除分支后，会丢掉分支信息。

如果要强制禁用Fast forward模式，Git就会在merge时生成一个新的commit，这样，从分支历史上就可以看出分支信息。

下面我们实战一下--no-ff方式的git merge

在实际开发中，我们应该按照几个基本原则进行分支管理：

首先，master分支应该是非常稳定的，也就是仅用来发布新版本，平时不能在上面干活；

那在哪干活呢？干活都在dev分支上，也就是说，dev分支是不稳定的，到某个时候，比如1.0版本发布时，再把dev分支合并到master上，在master分支发布1.0版本；

你和你的小伙伴们每个人都在dev分支上干活，每个人都有自己的分支，时不时地往dev分支上合并就可以了。

Git分支十分强大，在团队开发中应该充分应用。

合并分支时，加上--no-ff参数就可以用普通模式合并，合并后的历史有分支，能看出来曾经做过合并，而fast forward合并就看不出来曾经做过合并。

软件开发中，bug就像家常便饭一样。有了bug就需要修复，在Git中，由于分支是如此的强大，所以，每个bug都可以通过一个新的临时分支来修复，修复后，合并分支，然后将临时分支删除。

当你接到一个修复一个代号101的bug的任务时，很自然地，你想创建一个分支issue-101来修复它，但是，等等，当前正在dev上进行的工作还没有提交

并不是你不想提交，而是工作只进行到一半，还没法提交，预计完成还需1天时间。但是，必须在两个小时内修复该bug，怎么办？

幸好，Git还提供了一个stash功能，可以把当前工作现场“储藏”起来，等以后恢复现场后继续工作：

现在，用git status查看工作区，就是干净的（除非有没有被Git管理的文件），因此可以放心地创建分支来修复bug。

首先确定要在哪个分支上修复bug，假定需要在master分支上修复，就从master创建临时分支：

$ git checkout master
Switched to branch 'master'
Your branch is ahead of 'origin/master' by 6 commits.
$ git checkout -b issue-101

现在修复bug，需要把“Git is free software ...”改为“Git is a free software ...”，然后提交：

$ git add readme.txt 
$ git commit -m "fix bug 101"
[issue-101 cc17032] fix bug 101
 1 file changed, 1 insertion(+), 1 deletion(-)

修复完成后，切换到master分支，并完成合并，最后删除issue-101分支：

$ git checkout master
$ git merge --no-ff -m "merged bug fix 101" issue-101
Merge made by the 'recursive' strategy.
 readme.txt |    2 +-
 1 file changed, 1 insertion(+), 1 deletion(-)
$ git branch -d issue-101
Deleted branch issue-101 (was cc17032).

太棒了，原计划两个小时的bug修复只花了5分钟！现在，是时候接着回到dev分支干活了！
$ git checkout dev
Switched to branch 'dev'
$ git status
# On branch dev
nothing to commit (working directory clean)

工作区是干净的，刚才的工作现场存到哪去了？用git stash list命令看看：

$ git stash list
stash@{0}: WIP on dev: 6224937 add merge

工作现场还在，Git把stash内容存在某个地方了，但是需要恢复一下，有两个办法：

一是用git stash apply恢复，但是恢复后，stash内容并不删除，你需要用git stash drop来删除；

另一种方式是用git stash pop，恢复的同时把stash内容也删了：

$ git stash pop
再用git stash list查看，就看不到任何stash内容了：

$ git stash list

你可以多次stash，恢复的时候，先用git stash list查看，然后恢复指定的stash，用命令：

$ git stash apply stash@{0}

修复bug时，我们会通过创建新的bug分支进行修复，然后合并，最后删除；

当手头工作没有完成时，先把工作现场git stash一下，然后去修复bug，修复后，再git stash pop，回到工作现场。
开发一个新feature，最好新建一个分支；

如果要丢弃一个没有被合并过的分支，可以通过git branch -D <name>强行删除。
当你从远程仓库克隆时，实际上Git自动把本地的master分支和远程的master分支对应起来了，并且，远程仓库的默认名称是origin。

要查看远程库的信息，用git remote：

$ git remote
origin

或者，用git remote -v显示更详细的信息：

$ git remote -v
上面显示了可以抓取和推送的origin的地址。如果没有推送权限，就看不到push的地址。
推送分支，就是把该分支上的所有本地提交推送到远程库。推送时，要指定本地分支，这样，Git就会把该分支推送到远程库对应的远程分支上：

$ git push origin master

如果要推送其他分支，比如dev，就改成：

$ git push origin dev
但是，并不是一定要把本地分支往远程推送，那么，哪些分支需要推送，哪些不需要呢？

    master分支是主分支，因此要时刻与远程同步；

    dev分支是开发分支，团队所有成员都需要在上面工作，所以也需要与远程同步；

    bug分支只用于在本地修复bug，就没必要推到远程了，除非老板要看看你每周到底修复了几个bug；

    feature分支是否推到远程，取决于你是否和你的小伙伴合作在上面开发。

总之，就是在Git中，分支完全可以在本地自己藏着玩，是否推送，视你的心情而定！

因此，多人协作的工作模式通常是这样：

    首先，可以试图用git push origin branch-name推送自己的修改；

    如果推送失败，则因为远程分支比你的本地更新，需要先用git pull试图合并；

    如果合并有冲突，则解决冲突，并在本地提交；

    没有冲突或者解决掉冲突后，再用git push origin branch-name推送就能成功！

如果git pull提示“no tracking information”，则说明本地分支和远程分支的链接关系没有创建，用命令git branch --set-upstream branch-name origin/branch-name。

这就是多人协作的工作模式，一旦熟悉了，就非常简单。
发布一个版本时，我们通常先在版本库中打一个标签（tag），这样，就唯一确定了打标签时刻的版本。将来无论什么时候，取某个标签的版本，就是把那个打标签的时刻的历史版本取出来。所以，标签也是版本库的一个快照。

Git的标签虽然是版本库的快照，但其实它就是指向某个commit的指针（跟分支很像对不对？但是分支可以移动，标签不能移动），所以，创建和删除标签都是瞬间完成的。

Git有commit，为什么还要引入tag？

“请把上周一的那个版本打包发布，commit号是6a5819e...”
“一串乱七八糟的数字不好找！”

如果换一个办法：

“请把上周一的那个版本打包发布，版本号是v1.2”

“好的，按照tag v1.2查找commit就行！”

所以，tag就是一个让人容易记住的有意义的名字，它跟某个commit绑在一起。


    在GitHub上，可以任意Fork开源仓库；

    自己拥有Fork后的仓库的读写权限；

    可以推送pull request给官方仓库来贡献代码。

在远程仓库一节中，我们讲了远程仓库实际上和本地仓库没啥不同，纯粹为了7x24小时开机并交换大家的修改。

GitHub就是一个免费托管开源代码的远程仓库。但是对于某些视源代码如生命的商业公司来说，既不想公开源代码，又舍不得给GitHub交保护费，那就只能自己搭建一台Git服务器作为私有仓库使用。

搭建Git服务器需要准备一台运行Linux的机器，强烈推荐用Ubuntu或Debian，这样，通过几条简单的apt命令就可以完成安装。

如果团队很小，把每个人的公钥收集起来放到服务器的/home/git/.ssh/authorized_keys文件里就是可行的。如果团队有几百号人，就没法这么玩了，这时，可以用Gitosis来管理公钥。

这里我们不介绍怎么玩Gitosis了，几百号人的团队基本都在500强了，相信找个高水平的Linux管理员问题不大。




